[0.000000] (-) TimerEvent: {}
[0.000278] (cpp_1) JobQueued: {'identifier': 'cpp_1', 'dependencies': OrderedDict()}
[0.000488] (cpp_1) JobStarted: {'identifier': 'cpp_1'}
[0.007277] (cpp_1) JobProgress: {'identifier': 'cpp_1', 'progress': 'cmake'}
[0.007800] (cpp_1) JobProgress: {'identifier': 'cpp_1', 'progress': 'build'}
[0.008408] (cpp_1) Command: {'cmd': ['/usr/bin/cmake', '--build', '/home/whaltze/rm/test/test1/build/cpp_1', '--', '-j8', '-l8'], 'cwd': '/home/whaltze/rm/test/test1/build/cpp_1', 'env': OrderedDict([('LESSOPEN', '| /usr/bin/lesspipe %s'), ('LANGUAGE', 'zh_CN:en'), ('USER', 'whaltze'), ('LC_TIME', 'zh_CN.UTF-8'), ('XDG_SESSION_TYPE', 'wayland'), ('SHLVL', '1'), ('LD_LIBRARY_PATH', '/opt/ros/humble/opt/rviz_ogre_vendor/lib:/opt/ros/humble/lib/x86_64-linux-gnu:/opt/ros/humble/lib'), ('HOME', '/home/whaltze'), ('OLDPWD', '/home/whaltze/rm/test/test1/src'), ('DESKTOP_SESSION', 'ubuntu'), ('ROS_PYTHON_VERSION', '3'), ('GNOME_SHELL_SESSION_MODE', 'ubuntu'), ('GTK_MODULES', 'gail:atk-bridge'), ('LC_MONETARY', 'zh_CN.UTF-8'), ('SYSTEMD_EXEC_PID', '1889'), ('DBUS_SESSION_BUS_ADDRESS', 'unix:path=/run/user/1000/bus'), ('COLORTERM', 'truecolor'), ('IM_CONFIG_PHASE', '1'), ('WAYLAND_DISPLAY', 'wayland-0'), ('COLCON_PREFIX_PATH', '/home/whaltze/rm/test/test1/install'), ('ROS_DISTRO', 'humble'), ('LOGNAME', 'whaltze'), ('_', '/usr/bin/colcon'), ('ROS_VERSION', '2'), ('XDG_SESSION_CLASS', 'user'), ('USERNAME', 'whaltze'), ('TERM', 'xterm-256color'), ('GNOME_DESKTOP_SESSION_ID', 'this-is-deprecated'), ('ROS_LOCALHOST_ONLY', '0'), ('PATH', '/opt/ros/humble/bin:/usr/local/sbin:/usr/local/bin:/usr/sbin:/usr/bin:/sbin:/bin:/usr/games:/usr/local/games:/snap/bin:/snap/bin'), ('SESSION_MANAGER', 'local/Ubuntu:@/tmp/.ICE-unix/1718,unix/Ubuntu:/tmp/.ICE-unix/1718'), ('PAPERSIZE', 'a4'), ('XDG_MENU_PREFIX', 'gnome-'), ('LC_ADDRESS', 'zh_CN.UTF-8'), ('GNOME_TERMINAL_SCREEN', '/org/gnome/Terminal/screen/ac2a6468_6b66_445d_bb06_e8f01c3b6790'), ('GNOME_SETUP_DISPLAY', ':1'), ('XDG_RUNTIME_DIR', '/run/user/1000'), ('DISPLAY', ':0'), ('LANG', 'zh_CN.UTF-8'), ('XDG_CURRENT_DESKTOP', 'ubuntu:GNOME'), ('LC_TELEPHONE', 'zh_CN.UTF-8'), ('XMODIFIERS', '@im=ibus'), ('XDG_SESSION_DESKTOP', 'ubuntu'), ('XAUTHORITY', '/run/user/1000/.mutter-Xwaylandauth.632QP2'), ('LS_COLORS', 'rs=0:di=01;34:ln=01;36:mh=00:pi=40;33:so=01;35:do=01;35:bd=40;33;01:cd=40;33;01:or=40;31;01:mi=00:su=37;41:sg=30;43:ca=30;41:tw=30;42:ow=34;42:st=37;44:ex=01;32:*.tar=01;31:*.tgz=01;31:*.arc=01;31:*.arj=01;31:*.taz=01;31:*.lha=01;31:*.lz4=01;31:*.lzh=01;31:*.lzma=01;31:*.tlz=01;31:*.txz=01;31:*.tzo=01;31:*.t7z=01;31:*.zip=01;31:*.z=01;31:*.dz=01;31:*.gz=01;31:*.lrz=01;31:*.lz=01;31:*.lzo=01;31:*.xz=01;31:*.zst=01;31:*.tzst=01;31:*.bz2=01;31:*.bz=01;31:*.tbz=01;31:*.tbz2=01;31:*.tz=01;31:*.deb=01;31:*.rpm=01;31:*.jar=01;31:*.war=01;31:*.ear=01;31:*.sar=01;31:*.rar=01;31:*.alz=01;31:*.ace=01;31:*.zoo=01;31:*.cpio=01;31:*.7z=01;31:*.rz=01;31:*.cab=01;31:*.wim=01;31:*.swm=01;31:*.dwm=01;31:*.esd=01;31:*.jpg=01;35:*.jpeg=01;35:*.mjpg=01;35:*.mjpeg=01;35:*.gif=01;35:*.bmp=01;35:*.pbm=01;35:*.pgm=01;35:*.ppm=01;35:*.tga=01;35:*.xbm=01;35:*.xpm=01;35:*.tif=01;35:*.tiff=01;35:*.png=01;35:*.svg=01;35:*.svgz=01;35:*.mng=01;35:*.pcx=01;35:*.mov=01;35:*.mpg=01;35:*.mpeg=01;35:*.m2v=01;35:*.mkv=01;35:*.webm=01;35:*.webp=01;35:*.ogm=01;35:*.mp4=01;35:*.m4v=01;35:*.mp4v=01;35:*.vob=01;35:*.qt=01;35:*.nuv=01;35:*.wmv=01;35:*.asf=01;35:*.rm=01;35:*.rmvb=01;35:*.flc=01;35:*.avi=01;35:*.fli=01;35:*.flv=01;35:*.gl=01;35:*.dl=01;35:*.xcf=01;35:*.xwd=01;35:*.yuv=01;35:*.cgm=01;35:*.emf=01;35:*.ogv=01;35:*.ogx=01;35:*.aac=00;36:*.au=00;36:*.flac=00;36:*.m4a=00;36:*.mid=00;36:*.midi=00;36:*.mka=00;36:*.mp3=00;36:*.mpc=00;36:*.ogg=00;36:*.ra=00;36:*.wav=00;36:*.oga=00;36:*.opus=00;36:*.spx=00;36:*.xspf=00;36:'), ('GNOME_TERMINAL_SERVICE', ':1.121'), ('SSH_AGENT_LAUNCHER', 'gnome-keyring'), ('SSH_AUTH_SOCK', '/run/user/1000/keyring/ssh'), ('AMENT_PREFIX_PATH', '/home/whaltze/rm/test/test1/install/cpp_1:/opt/ros/humble'), ('SHELL', '/bin/bash'), ('LC_NAME', 'zh_CN.UTF-8'), ('QT_ACCESSIBILITY', '1'), ('GDMSESSION', 'ubuntu'), ('LESSCLOSE', '/usr/bin/lesspipe %s %s'), ('LC_MEASUREMENT', 'zh_CN.UTF-8'), ('LC_IDENTIFICATION', 'zh_CN.UTF-8'), ('QT_IM_MODULE', 'ibus'), ('PWD', '/home/whaltze/rm/test/test1/build/cpp_1'), ('XDG_CONFIG_DIRS', '/etc/xdg/xdg-ubuntu:/etc/xdg'), ('XDG_DATA_DIRS', '/usr/share/ubuntu:/usr/local/share/:/usr/share/:/var/lib/snapd/desktop'), ('PYTHONPATH', '/opt/ros/humble/lib/python3.10/site-packages:/opt/ros/humble/local/lib/python3.10/dist-packages'), ('LC_NUMERIC', 'zh_CN.UTF-8'), ('LC_PAPER', 'zh_CN.UTF-8'), ('COLCON', '1'), ('VTE_VERSION', '6800'), ('CMAKE_PREFIX_PATH', '/home/whaltze/rm/test/test1/install/cpp_1')]), 'shell': False}
[0.028980] (cpp_1) StdoutLine: {'line': b'-- Found ament_cmake: 1.3.9 (/opt/ros/humble/share/ament_cmake/cmake)\n'}
[0.099932] (-) TimerEvent: {}
[0.112721] (cpp_1) StdoutLine: {'line': b'-- Found rclcpp: 16.0.9 (/opt/ros/humble/share/rclcpp/cmake)\n'}
[0.132665] (cpp_1) StdoutLine: {'line': b'-- Found rosidl_generator_c: 3.1.5 (/opt/ros/humble/share/rosidl_generator_c/cmake)\n'}
[0.134294] (cpp_1) StdoutLine: {'line': b'-- Found rosidl_adapter: 3.1.5 (/opt/ros/humble/share/rosidl_adapter/cmake)\n'}
[0.138434] (cpp_1) StdoutLine: {'line': b'-- Found rosidl_generator_cpp: 3.1.5 (/opt/ros/humble/share/rosidl_generator_cpp/cmake)\n'}
[0.147226] (cpp_1) StdoutLine: {'line': b'-- Using all available rosidl_typesupport_c: rosidl_typesupport_fastrtps_c;rosidl_typesupport_introspection_c\n'}
[0.157673] (cpp_1) StdoutLine: {'line': b'-- Using all available rosidl_typesupport_cpp: rosidl_typesupport_fastrtps_cpp;rosidl_typesupport_introspection_cpp\n'}
[0.198580] (cpp_1) StdoutLine: {'line': b'-- Found rmw_implementation_cmake: 6.1.2 (/opt/ros/humble/share/rmw_implementation_cmake/cmake)\n'}
[0.199510] (cpp_1) StdoutLine: {'line': b'-- Found rmw_fastrtps_cpp: 6.2.6 (/opt/ros/humble/share/rmw_fastrtps_cpp/cmake)\n'}
[0.199994] (-) TimerEvent: {}
[0.274990] (cpp_1) StdoutLine: {'line': b"-- Using RMW implementation 'rmw_fastrtps_cpp' as default\n"}
[0.300097] (-) TimerEvent: {}
[0.380630] (cpp_1) StdoutLine: {'line': b'-- Found ament_lint_auto: 0.12.11 (/opt/ros/humble/share/ament_lint_auto/cmake)\n'}
[0.400185] (-) TimerEvent: {}
[0.416083] (cpp_1) StderrLine: {'line': b"Error parsing '/home/whaltze/rm/test/test1/src/cpp_1/package.xml':\n"}
[0.449614] (cpp_1) StderrLine: {'line': b'Traceback (most recent call last):\n'}
[0.449824] (cpp_1) StderrLine: {'line': b'  File "/usr/lib/python3/dist-packages/catkin_pkg/package.py", line 610, in parse_package_string\n'}
[0.449889] (cpp_1) StderrLine: {'line': b'    root = dom.parseString(data)\n'}
[0.449941] (cpp_1) StderrLine: {'line': b'  File "/usr/lib/python3.10/xml/dom/minidom.py", line 2000, in parseString\n'}
[0.450626] (cpp_1) StderrLine: {'line': b'    return expatbuilder.parseString(string)\n'}
[0.450764] (cpp_1) StderrLine: {'line': b'  File "/usr/lib/python3.10/xml/dom/expatbuilder.py", line 925, in parseString\n'}
[0.451211] (cpp_1) StderrLine: {'line': b'    return builder.parseString(string)\n'}
[0.451396] (cpp_1) StderrLine: {'line': b'  File "/usr/lib/python3.10/xml/dom/expatbuilder.py", line 223, in parseString\n'}
[0.451501] (cpp_1) StderrLine: {'line': b'    parser.Parse(string, True)\n'}
[0.451598] (cpp_1) StderrLine: {'line': b'xml.parsers.expat.ExpatError: mismatched tag: line 13, column 20\n'}
[0.451693] (cpp_1) StderrLine: {'line': b'\n'}
[0.451789] (cpp_1) StderrLine: {'line': b'During handling of the above exception, another exception occurred:\n'}
[0.451908] (cpp_1) StderrLine: {'line': b'\n'}
[0.451961] (cpp_1) StderrLine: {'line': b'Traceback (most recent call last):\n'}
[0.452009] (cpp_1) StderrLine: {'line': b'  File "/opt/ros/humble/share/ament_cmake_core/cmake/core/package_xml_2_cmake.py", line 150, in <module>\n'}
[0.452073] (cpp_1) StderrLine: {'line': b'    main()\n'}
[0.452168] (cpp_1) StderrLine: {'line': b'  File "/opt/ros/humble/share/ament_cmake_core/cmake/core/package_xml_2_cmake.py", line 53, in main\n'}
[0.452355] (cpp_1) StderrLine: {'line': b'    raise e\n'}
[0.452427] (cpp_1) StderrLine: {'line': b'  File "/opt/ros/humble/share/ament_cmake_core/cmake/core/package_xml_2_cmake.py", line 49, in main\n'}
[0.452484] (cpp_1) StderrLine: {'line': b'    package = parse_package_string(\n'}
[0.452532] (cpp_1) StderrLine: {'line': b'  File "/usr/lib/python3/dist-packages/catkin_pkg/package.py", line 612, in parse_package_string\n'}
[0.452583] (cpp_1) StderrLine: {'line': b"    raise InvalidPackage('The manifest contains invalid XML:\\n%s' % ex, filename)\n"}
[0.452632] (cpp_1) StderrLine: {'line': b"catkin_pkg.package.InvalidPackage: Error(s) in package '/home/whaltze/rm/test/test1/src/cpp_1/package.xml':\n"}
[0.452681] (cpp_1) StderrLine: {'line': b'The manifest contains invalid XML:\n'}
[0.452731] (cpp_1) StderrLine: {'line': b'mismatched tag: line 13, column 20\n'}
[0.460179] (cpp_1) StderrLine: {'line': b'\x1b[31mCMake Error at /opt/ros/humble/share/ament_cmake_core/cmake/core/ament_package_xml.cmake:95 (message):\n'}
[0.460316] (cpp_1) StderrLine: {'line': b'  execute_process(/usr/bin/python3\n'}
[0.460412] (cpp_1) StderrLine: {'line': b'  /opt/ros/humble/share/ament_cmake_core/cmake/core/package_xml_2_cmake.py\n'}
[0.460470] (cpp_1) StderrLine: {'line': b'  /home/whaltze/rm/test/test1/src/cpp_1/package.xml\n'}
[0.460522] (cpp_1) StderrLine: {'line': b'  /home/whaltze/rm/test/test1/build/cpp_1/ament_cmake_core/package.cmake)\n'}
[0.460574] (cpp_1) StderrLine: {'line': b'  returned error code 1\n'}
[0.460623] (cpp_1) StderrLine: {'line': b'Call Stack (most recent call first):\n'}
[0.460670] (cpp_1) StderrLine: {'line': b'  /opt/ros/humble/share/ament_cmake_core/cmake/core/ament_package_xml.cmake:49 (_ament_package_xml)\n'}
[0.460717] (cpp_1) StderrLine: {'line': b'  /opt/ros/humble/share/ament_lint_auto/cmake/ament_lint_auto_find_test_dependencies.cmake:31 (ament_package_xml)\n'}
[0.460764] (cpp_1) StderrLine: {'line': b'  CMakeLists.txt:22 (ament_lint_auto_find_test_dependencies)\n'}
[0.460811] (cpp_1) StderrLine: {'line': b'\n'}
[0.460861] (cpp_1) StderrLine: {'line': b'\x1b[0m\n'}
[0.460908] (cpp_1) StdoutLine: {'line': b'-- Configuring incomplete, errors occurred!\n'}
[0.460960] (cpp_1) StdoutLine: {'line': b'See also "/home/whaltze/rm/test/test1/build/cpp_1/CMakeFiles/CMakeOutput.log".\n'}
[0.465734] (cpp_1) StderrLine: {'line': b'gmake: *** [Makefile:308\xef\xbc\x9acmake_check_build_system] \xe9\x94\x99\xe8\xaf\xaf 1\n'}
[0.467294] (cpp_1) CommandEnded: {'returncode': 2}
[0.467617] (cpp_1) JobEnded: {'identifier': 'cpp_1', 'rc': 2}
[0.477890] (-) EventReactorShutdown: {}
