[0.010s] Invoking command in '/home/whaltze/rm/test/test1/build/cpp_1': /usr/bin/cmake --build /home/whaltze/rm/test/test1/build/cpp_1 -- -j8 -l8
[0.029s] -- Found ament_cmake: 1.3.9 (/opt/ros/humble/share/ament_cmake/cmake)
[0.112s] -- Found rclcpp: 16.0.9 (/opt/ros/humble/share/rclcpp/cmake)
[0.132s] -- Found rosidl_generator_c: 3.1.5 (/opt/ros/humble/share/rosidl_generator_c/cmake)
[0.134s] -- Found rosidl_adapter: 3.1.5 (/opt/ros/humble/share/rosidl_adapter/cmake)
[0.138s] -- Found rosidl_generator_cpp: 3.1.5 (/opt/ros/humble/share/rosidl_generator_cpp/cmake)
[0.147s] -- Using all available rosidl_typesupport_c: rosidl_typesupport_fastrtps_c;rosidl_typesupport_introspection_c
[0.157s] -- Using all available rosidl_typesupport_cpp: rosidl_typesupport_fastrtps_cpp;rosidl_typesupport_introspection_cpp
[0.198s] -- Found rmw_implementation_cmake: 6.1.2 (/opt/ros/humble/share/rmw_implementation_cmake/cmake)
[0.199s] -- Found rmw_fastrtps_cpp: 6.2.6 (/opt/ros/humble/share/rmw_fastrtps_cpp/cmake)
[0.275s] -- Using RMW implementation 'rmw_fastrtps_cpp' as default
[0.380s] -- Found ament_lint_auto: 0.12.11 (/opt/ros/humble/share/ament_lint_auto/cmake)
[0.416s] Error parsing '/home/whaltze/rm/test/test1/src/cpp_1/package.xml':
[0.449s] Traceback (most recent call last):
[0.449s]   File "/usr/lib/python3/dist-packages/catkin_pkg/package.py", line 610, in parse_package_string
[0.449s]     root = dom.parseString(data)
[0.449s]   File "/usr/lib/python3.10/xml/dom/minidom.py", line 2000, in parseString
[0.450s]     return expatbuilder.parseString(string)
[0.450s]   File "/usr/lib/python3.10/xml/dom/expatbuilder.py", line 925, in parseString
[0.451s]     return builder.parseString(string)
[0.451s]   File "/usr/lib/python3.10/xml/dom/expatbuilder.py", line 223, in parseString
[0.451s]     parser.Parse(string, True)
[0.451s] xml.parsers.expat.ExpatError: mismatched tag: line 13, column 20
[0.451s] 
[0.451s] During handling of the above exception, another exception occurred:
[0.451s] 
[0.451s] Traceback (most recent call last):
[0.452s]   File "/opt/ros/humble/share/ament_cmake_core/cmake/core/package_xml_2_cmake.py", line 150, in <module>
[0.452s]     main()
[0.452s]   File "/opt/ros/humble/share/ament_cmake_core/cmake/core/package_xml_2_cmake.py", line 53, in main
[0.452s]     raise e
[0.452s]   File "/opt/ros/humble/share/ament_cmake_core/cmake/core/package_xml_2_cmake.py", line 49, in main
[0.452s]     package = parse_package_string(
[0.452s]   File "/usr/lib/python3/dist-packages/catkin_pkg/package.py", line 612, in parse_package_string
[0.452s]     raise InvalidPackage('The manifest contains invalid XML:\n%s' % ex, filename)
[0.452s] catkin_pkg.package.InvalidPackage: Error(s) in package '/home/whaltze/rm/test/test1/src/cpp_1/package.xml':
[0.452s] The manifest contains invalid XML:
[0.452s] mismatched tag: line 13, column 20
[0.460s] [31mCMake Error at /opt/ros/humble/share/ament_cmake_core/cmake/core/ament_package_xml.cmake:95 (message):
[0.460s]   execute_process(/usr/bin/python3
[0.460s]   /opt/ros/humble/share/ament_cmake_core/cmake/core/package_xml_2_cmake.py
[0.460s]   /home/whaltze/rm/test/test1/src/cpp_1/package.xml
[0.460s]   /home/whaltze/rm/test/test1/build/cpp_1/ament_cmake_core/package.cmake)
[0.460s]   returned error code 1
[0.460s] Call Stack (most recent call first):
[0.460s]   /opt/ros/humble/share/ament_cmake_core/cmake/core/ament_package_xml.cmake:49 (_ament_package_xml)
[0.460s]   /opt/ros/humble/share/ament_lint_auto/cmake/ament_lint_auto_find_test_dependencies.cmake:31 (ament_package_xml)
[0.460s]   CMakeLists.txt:22 (ament_lint_auto_find_test_dependencies)
[0.460s] 
[0.460s] [0m
[0.460s] -- Configuring incomplete, errors occurred!
[0.460s] See also "/home/whaltze/rm/test/test1/build/cpp_1/CMakeFiles/CMakeOutput.log".
[0.465s] gmake: *** [Makefile:308ï¼šcmake_check_build_system] é”™è¯¯ 1
[0.467s] Invoked command in '/home/whaltze/rm/test/test1/build/cpp_1' returned '2': /usr/bin/cmake --build /home/whaltze/rm/test/test1/build/cpp_1 -- -j8 -l8
